Screen.hpp:104:18:virtual void touchgfx::Screen::afterTransition()	0	static
Screen.hpp:144:18:virtual void touchgfx::Screen::handleTickEvent()	0	static
Screen.hpp:154:18:virtual void touchgfx::Screen::handleKeyEvent(uint8_t)	0	static
LoadingView.cpp:13:6:virtual void LoadingView::tearDownScreen()	0	static
LoadingView.hpp:11:13:LoadingView::~LoadingView()	8	static
LoadingView.hpp:11:13:virtual LoadingView::~LoadingView()	8	static
LoadingView.cpp:3:1:LoadingView::LoadingView()	8	static
LoadingView.cpp:8:6:virtual void LoadingView::setupScreen()	0	static
