D:/OneDrive/embedded/Projects/Display/Core/Src/stm32h7xx_hal_msp.c:69:6:HAL_MspInit	16	static
D:/OneDrive/embedded/Projects/Display/Core/Src/stm32h7xx_hal_msp.c:93:6:HAL_ADC_MspInit	240	static
D:/OneDrive/embedded/Projects/Display/Core/Src/stm32h7xx_hal_msp.c:152:6:HAL_ADC_MspDeInit	0	static
D:/OneDrive/embedded/Projects/Display/Core/Src/stm32h7xx_hal_msp.c:182:6:HAL_CRC_MspInit	8	static
D:/OneDrive/embedded/Projects/Display/Core/Src/stm32h7xx_hal_msp.c:204:6:HAL_CRC_MspDeInit	0	static
D:/OneDrive/embedded/Projects/Display/Core/Src/stm32h7xx_hal_msp.c:226:6:HAL_DMA2D_MspInit	16	static
D:/OneDrive/embedded/Projects/Display/Core/Src/stm32h7xx_hal_msp.c:251:6:HAL_DMA2D_MspDeInit	0	static
D:/OneDrive/embedded/Projects/Display/Core/Src/stm32h7xx_hal_msp.c:278:6:HAL_FDCAN_MspInit	240	static
D:/OneDrive/embedded/Projects/Display/Core/Src/stm32h7xx_hal_msp.c:365:6:HAL_FDCAN_MspDeInit	0	static
D:/OneDrive/embedded/Projects/Display/Core/Src/stm32h7xx_hal_msp.c:418:6:HAL_I2C_MspInit	264	static
D:/OneDrive/embedded/Projects/Display/Core/Src/stm32h7xx_hal_msp.c:505:6:HAL_I2C_MspDeInit	8	static
D:/OneDrive/embedded/Projects/Display/Core/Src/stm32h7xx_hal_msp.c:556:6:HAL_JPEG_MspInit	24	static
D:/OneDrive/embedded/Projects/Display/Core/Src/stm32h7xx_hal_msp.c:640:6:HAL_JPEG_MspDeInit	8	static
D:/OneDrive/embedded/Projects/Display/Core/Src/stm32h7xx_hal_msp.c:669:6:HAL_LTDC_MspInit	256	static
D:/OneDrive/embedded/Projects/Display/Core/Src/stm32h7xx_hal_msp.c:789:6:HAL_LTDC_MspDeInit	8	static
D:/OneDrive/embedded/Projects/Display/Core/Src/stm32h7xx_hal_msp.c:859:6:HAL_QSPI_MspInit	264	static
D:/OneDrive/embedded/Projects/Display/Core/Src/stm32h7xx_hal_msp.c:952:6:HAL_QSPI_MspDeInit	8	static
D:/OneDrive/embedded/Projects/Display/Core/Src/stm32h7xx_hal_msp.c:995:6:HAL_SPI_MspInit	272	static
D:/OneDrive/embedded/Projects/Display/Core/Src/stm32h7xx_hal_msp.c:1144:6:HAL_SPI_MspDeInit	8	static
D:/OneDrive/embedded/Projects/Display/Core/Src/stm32h7xx_hal_msp.c:1219:6:HAL_TIM_Base_MspInit	40	static
D:/OneDrive/embedded/Projects/Display/Core/Src/stm32h7xx_hal_msp.c:1248:6:HAL_TIM_MspPostInit	40	static
D:/OneDrive/embedded/Projects/Display/Core/Src/stm32h7xx_hal_msp.c:1280:6:HAL_TIM_Base_MspDeInit	8	static
D:/OneDrive/embedded/Projects/Display/Core/Src/stm32h7xx_hal_msp.c:1311:6:HAL_UART_MspInit	264	static
D:/OneDrive/embedded/Projects/Display/Core/Src/stm32h7xx_hal_msp.c:1408:6:HAL_UART_MspDeInit	8	static
D:/OneDrive/embedded/Projects/Display/Core/Src/stm32h7xx_hal_msp.c:1564:6:HAL_SDRAM_MspInit	240	static
D:/OneDrive/embedded/Projects/Display/Core/Src/stm32h7xx_hal_msp.c:1648:6:HAL_SDRAM_MspDeInit	8	static
