../../Middlewares/ST/touchgfx/framework/include/touchgfx/Screen.hpp:104:18:virtual void touchgfx::Screen::afterTransition()	0	static
../../Middlewares/ST/touchgfx/framework/include/touchgfx/Screen.hpp:144:18:virtual void touchgfx::Screen::handleTickEvent()	0	static
../../Middlewares/ST/touchgfx/framework/include/touchgfx/Screen.hpp:154:18:virtual void touchgfx::Screen::handleKeyEvent(uint8_t)	0	static
D:/OneDrive/embedded/Projects/Display/TouchGFX/gui/src/loading_screen/LoadingView.cpp:13:6:virtual void LoadingView::tearDownScreen()	0	static
../../TouchGFX/gui/include/gui/loading_screen/LoadingView.hpp:11:13:LoadingView::~LoadingView()	8	static
../../TouchGFX/gui/include/gui/loading_screen/LoadingView.hpp:11:13:virtual LoadingView::~LoadingView()	8	static
D:/OneDrive/embedded/Projects/Display/TouchGFX/gui/src/loading_screen/LoadingView.cpp:3:1:LoadingView::LoadingView()	8	static
D:/OneDrive/embedded/Projects/Display/TouchGFX/gui/src/loading_screen/LoadingView.cpp:8:6:virtual void LoadingView::setupScreen()	0	static
